[TURSO] TURSO_DATABASE_URL not set — backup disabled
[TURSO] TURSO_DATABASE_URL not set — backup disabled
[TURSO] TURSO_DATABASE_URL not set — backup disabled
[NEON] NEON_DATABASE_URL not set — analytics disabled
[R2] R2 credentials not set — file storage disabled
[R2] R2 credentials not set — file storage disabled
[TURSO] TURSO_DATABASE_URL not set — backup disabled
[TURSO] TURSO_DATABASE_URL not set — backup disabled
[TURSO] TURSO_DATABASE_URL not set — backup disabled
[TURSO] TURSO_DATABASE_URL not set — backup disabled
[NEON] NEON_DATABASE_URL not set — analytics disabled
[R2] R2 credentials not set — file storage disabled
[HEALTH] turso is unhealthy: Not configured
[HEALTH] neon is unhealthy: Connection failed
[HEALTH] r2 is unhealthy: Connection failed
[TURSO] TURSO_DATABASE_URL not set — backup disabled
[NEON] NEON_DATABASE_URL not set — analytics disabled
[R2] R2 credentials not set — file storage disabled
[TURSO] TURSO_DATABASE_URL not set — backup disabled
[NEON] NEON_DATABASE_URL not set — analytics disabled
[R2] R2 credentials not set — file storage disabled
[HEALTH] turso is unhealthy: Not configured
[HEALTH] neon is unhealthy: Connection failed
[HEALTH] r2 is unhealthy: Connection failed
[TURSO] TURSO_DATABASE_URL not set — backup disabled
[NEON] NEON_DATABASE_URL not set — analytics disabled
[R2] R2 credentials not set — file storage disabled
[TURSO] TURSO_DATABASE_URL not set — backup disabled
[NEON] NEON_DATABASE_URL not set — analytics disabled
[R2] R2 credentials not set — file storage disabled
[HEALTH] turso is unhealthy: Not configured
[HEALTH] neon is unhealthy: Connection failed
[HEALTH] r2 is unhealthy: Connection failed
[TURSO] TURSO_DATABASE_URL not set — backup disabled
[NEON] NEON_DATABASE_URL not set — analytics disabled
[R2] R2 credentials not set — file storage disabled
[TURSO] TURSO_DATABASE_URL not set — backup disabled
[NEON] NEON_DATABASE_URL not set — analytics disabled
[R2] R2 credentials not set — file storage disabled
[HEALTH] turso is unhealthy: Not configured
[HEALTH] neon is unhealthy: Connection failed
[HEALTH] r2 is unhealthy: Connection failed
[TURSO] TURSO_DATABASE_URL not set — backup disabled
[NEON] NEON_DATABASE_URL not set — analytics disabled
[R2] R2 credentials not set — file storage disabled
[TURSO] TURSO_DATABASE_URL not set — backup disabled
[NEON] NEON_DATABASE_URL not set — analytics disabled
[R2] R2 credentials not set — file storage disabled
[HEALTH] turso is unhealthy: Not configured
[HEALTH] neon is unhealthy: Connection failed
[HEALTH] r2 is unhealthy: Connection failed
[TURSO] TURSO_DATABASE_URL not set — backup disabled
[NEON] NEON_DATABASE_URL not set — analytics disabled
[R2] R2 credentials not set — file storage disabled
[TURSO] TURSO_DATABASE_URL not set — backup disabled
[NEON] NEON_DATABASE_URL not set — analytics disabled
[R2] R2 credentials not set — file storage disabled
[HEALTH] turso is unhealthy: Not configured
[HEALTH] neon is unhealthy: Connection failed
[HEALTH] r2 is unhealthy: Connection failed
[TURSO] TURSO_DATABASE_URL not set — backup disabled
[NEON] NEON_DATABASE_URL not set — analytics disabled
[R2] R2 credentials not set — file storage disabled
[TURSO] TURSO_DATABASE_URL not set — backup disabled
[NEON] NEON_DATABASE_URL not set — analytics disabled
[R2] R2 credentials not set — file storage disabled
[HEALTH] turso is unhealthy: Not configured
[HEALTH] neon is unhealthy: Connection failed
[HEALTH] r2 is unhealthy: Connection failed
[TURSO] TURSO_DATABASE_URL not set — backup disabled
[NEON] NEON_DATABASE_URL not set — analytics disabled
[R2] R2 credentials not set — file storage disabled
[TURSO] TURSO_DATABASE_URL not set — backup disabled
[NEON] NEON_DATABASE_URL not set — analytics disabled
[R2] R2 credentials not set — file storage disabled
[HEALTH] turso is unhealthy: Not configured
[HEALTH] neon is unhealthy: Connection failed
[HEALTH] r2 is unhealthy: Connection failed
[TURSO] TURSO_DATABASE_URL not set — backup disabled
[NEON] NEON_DATABASE_URL not set — analytics disabled
[R2] R2 credentials not set — file storage disabled
[TURSO] TURSO_DATABASE_URL not set — backup disabled
[NEON] NEON_DATABASE_URL not set — analytics disabled
[R2] R2 credentials not set — file storage disabled
[HEALTH] turso is unhealthy: Not configured
[HEALTH] neon is unhealthy: Connection failed
[HEALTH] r2 is unhealthy: Connection failed
[TURSO] TURSO_DATABASE_URL not set — backup disabled
[NEON] NEON_DATABASE_URL not set — analytics disabled
[R2] R2 credentials not set — file storage disabled
[TURSO] TURSO_DATABASE_URL not set — backup disabled
[NEON] NEON_DATABASE_URL not set — analytics disabled
[R2] R2 credentials not set — file storage disabled
[HEALTH] turso is unhealthy: Not configured
[HEALTH] neon is unhealthy: Connection failed
[HEALTH] r2 is unhealthy: Connection failed
[TURSO] TURSO_DATABASE_URL not set — backup disabled
[NEON] NEON_DATABASE_URL not set — analytics disabled
[R2] R2 credentials not set — file storage disabled
[TURSO] TURSO_DATABASE_URL not set — backup disabled
[NEON] NEON_DATABASE_URL not set — analytics disabled
[R2] R2 credentials not set — file storage disabled
[HEALTH] turso is unhealthy: Not configured
[HEALTH] neon is unhealthy: Connection failed
[HEALTH] r2 is unhealthy: Connection failed
[TURSO] TURSO_DATABASE_URL not set — backup disabled
[NEON] NEON_DATABASE_URL not set — analytics disabled
[R2] R2 credentials not set — file storage disabled
[TURSO] TURSO_DATABASE_URL not set — backup disabled
[NEON] NEON_DATABASE_URL not set — analytics disabled
[R2] R2 credentials not set — file storage disabled
nhealthy: Connection failed
[HEALTH] r2 is unhealthy: Connection failed
[TURSO] TURSO_DATABASE_URL not set — backup disabled
[NEON] NEON_DATABASE_URL not set — analytics disabled
[R2] R2 credentials not set — file storage disabled
[TURSO] TURSO_DATABASE_URL not set — backup disabled
[NEON] NEON_DATABASE_URL not set — analytics disabled
[R2] R2 credentials not set — file storage disabled
[HEALTH] turso is unhealthy: Not configured
[HEALTH] neon is unhealthy: Connection failed
[HEALTH] r2 is unhealthy: Connection failed
[TURSO] TURSO_DATABASE_URL not set — backup disabled
[NEON] NEON_DATABASE_URL not set — analytics disabled
[R2] R2 credentials not set — file storage disabled
[TURSO] TURSO_DATABASE_URL not set — backup disabled
[NEON] NEON_DATABASE_URL not set — analytics disabled
[R2] R2 credentials not set — file storage disabled
[HEALTH] turso is unhealthy: Not configured
[HEALTH] neon is unhealthy: Connection failed
[HEALTH] r2 is unhealthy: Connection failed
[TURSO] TURSO_DATABASE_URL not set — backup disabled
[NEON] NEON_DATABASE_URL not set — analytics disabled
[R2] R2 credentials not set — file storage disabled
[TURSO] TURSO_DATABASE_URL not set — backup disabled
[NEON] NEON_DATABASE_URL not set — analytics disabled
[R2] R2 credentials not set — file storage disabled
[HEALTH] turso is unhealthy: Not configured
[HEALTH] neon is unhealthy: Connection failed
[HEALTH] r2 is unhealthy: Connection failed
[TURSO] TURSO_DATABASE_URL not set — backup disabled
[NEON] NEON_DATABASE_URL not set — analytics disabled
[R2] R2 credentials not set — file storage disabled
[TURSO] TURSO_DATABASE_URL not set — backup disabled
[NEON] NEON_DATABASE_URL not set — analytics disabled
[R2] R2 credentials not set — file storage disabled
[HEALTH] turso is unhealthy: Not configured
[HEALTH] neon is unhealthy: Connection failed
[HEALTH] r2 is unhealthy: Connection failed
[TURSO] TURSO_DATABASE_URL not set — backup disabled
[NEON] NEON_DATABASE_URL not set — analytics disabled
[R2] R2 credentials not set — file storage disabled
[TURSO] TURSO_DATABASE_URL not set — backup disabled
[NEON] NEON_DATABASE_URL not set — analytics disabled
[R2] R2 credentials not set — file storage disabled
[HEALTH] turso is unhealthy: Not configured
[HEALTH] neon is unhealthy: Connection failed
[HEALTH] r2 is unhealthy: Connection failed
[TURSO] TURSO_DATABASE_URL not set — backup disabled
[NEON] NEON_DATABASE_URL not set — analytics disabled
[R2] R2 credentials not set — file storage disabled
[TURSO] TURSO_DATABASE_URL not set — backup disabled
[NEON] NEON_DATABASE_URL not set — analytics disabled
[R2] R2 credentials not set — file storage disabled
[HEALTH] turso is unhealthy: Not configured
[HEALTH] neon is unhealthy: Connection failed
[HEALTH] r2 is unhealthy: Connection failed
[TURSO] TURSO_DATABASE_URL not set — backup disabled
[NEON] NEON_DATABASE_URL not set — analytics disabled
[R2] R2 credentials not set — file storage disabled
[TURSO] TURSO_DATABASE_URL not set — backup disabled
[NEON] NEON_DATABASE_URL not set — analytics disabled
[R2] R2 credentials not set — file storage disabled
[HEALTH] turso is unhealthy: Not configured
[HEALTH] neon is unhealthy: Connection failed
[HEALTH] r2 is unhealthy: Connection failed
[TURSO] TURSO_DATABASE_URL not set — backup disabled
[NEON] NEON_DATABASE_URL not set — analytics disabled
[R2] R2 credentials not set — file storage disabled
[TURSO] TURSO_DATABASE_URL not set — backup disabled
[NEON] NEON_DATABASE_URL not set — analytics disabled
[R2] R2 credentials not set — file storage disabled
[HEALTH] turso is unhealthy: Not configured
[HEALTH] neon is unhealthy: Connection failed
[HEALTH] r2 is unhealthy: Connection failed
[TURSO] TURSO_DATABASE_URL not set — backup disabled
[NEON] NEON_DATABASE_URL not set — analytics disabled
[R2] R2 credentials not set — file storage disabled
[TURSO] TURSO_DATABASE_URL not set — backup disabled
[NEON] NEON_DATABASE_URL not set — analytics disabled
[R2] R2 credentials not set — file storage disabled
[HEALTH] turso is unhealthy: Not configured
[HEALTH] neon is unhealthy: Connection failed
[HEALTH] r2 is unhealthy: Connection failed
[TURSO] TURSO_DATABASE_URL not set — backup disabled
[NEON] NEON_DATABASE_URL not set — analytics disabled
[R2] R2 credentials not set — file storage disabled
[TURSO] TURSO_DATABASE_URL not set — backup disabled
[NEON] NEON_DATABASE_URL not set — analytics disabled
[R2] R2 credentials not set — file storage disabled
[HEALTH] turso is unhealthy: Not configured
[HEALTH] neon is unhealthy: Connection failed
[HEALTH] r2 is unhealthy: Connection failed
[TURSO] TURSO_DATABASE_URL not set — backup disabled
[NEON] NEON_DATABASE_URL not set — analytics disabled
[R2] R2 credentials not set — file storage disabled
[TURSO] TURSO_DATABASE_URL not set — backup disabled
[NEON] NEON_DATABASE_URL not set — analytics disabled
[R2] R2 credentials not set — file storage disabled
